../Drivers/CMSIS/Include/core_cm4.h:1938:34:__NVIC_SystemReset	4	static,ignoring_inline_asm
../Core/Src/main.c:14:13:clock_init_minimal	4	static
../Core/Src/main.c:24:21:adc_raw_to_v_local	16	static
../Core/Src/main.c:46:21:tap1_from_adc	16	static
../Core/Src/main.c:50:21:tap2_from_adc	16	static
../Core/Src/main.c:54:21:tap3_from_adc	16	static
../Core/Src/main.c:58:21:tap4_from_adc	16	static
../Core/Src/main.c:71:21:ntc_resistance_from_v	16	static
../Core/Src/main.c:77:21:temp_c_from_adc	32	static
../Core/Src/main.c:88:21:curr_a_from_adc	16	static
../Core/Src/main.c:93:21:lp_filter	24	static
../Core/Src/main.c:98:13:charger_present_update	16	static
../Core/Src/main.c:107:13:deep_button_update	24	static
../Core/Src/main.c:139:13:send_telemetry	880	static
../Core/Src/main.c:186:13:handle_cmd	256	static,ignoring_inline_asm
../Core/Src/main.c:275:5:main	376	static
../Core/Src/main.c:377:6:USART2_IRQHandler	8	static
